// Jest Snapshot v1, https://goo.gl/fbAQLP

exports[`TodoItem TodoItem component renders the todo correctly 1`] = `
<li>
  <input
    checked={undefined}
    onChange={undefined}
    type="checkbox"
    value={undefined}
  />
  dummy
</li>
`;
